../NRF/Src/MY_NRF24.c:52:6:NRF24_DelayMicroSeconds	24	static
../NRF/Src/MY_NRF24.c:60:6:NRF24_CSN	16	static
../NRF/Src/MY_NRF24.c:67:6:NRF24_CE	16	static
../NRF/Src/MY_NRF24.c:75:9:NRF24_read_register	24	static
../NRF/Src/MY_NRF24.c:91:6:NRF24_read_registerN	24	static
../NRF/Src/MY_NRF24.c:105:6:NRF24_write_register	24	static
../NRF/Src/MY_NRF24.c:117:6:NRF24_write_registerN	24	static
../NRF/Src/MY_NRF24.c:129:6:NRF24_write_payload	24	static
../NRF/Src/MY_NRF24.c:141:6:NRF24_read_payload	24	static
../NRF/Src/MY_NRF24.c:154:6:NRF24_flush_tx	8	static
../NRF/Src/MY_NRF24.c:158:6:NRF24_flush_rx	8	static
../NRF/Src/MY_NRF24.c:162:9:NRF24_get_status	16	static
../NRF/Src/MY_NRF24.c:169:6:NRF24_Init	8	static
../NRF/Src/MY_NRF24.c:195:6:NRF24_startListening	8	static
../NRF/Src/MY_NRF24.c:213:6:NRF24_stopListening	8	static
../NRF/Src/MY_NRF24.c:219:6:NRF24_write	32	static
../NRF/Src/MY_NRF24.c:252:6:NRF24_available	8	static
../NRF/Src/MY_NRF24.c:256:6:NRF24_read	24	static
../NRF/Src/MY_NRF24.c:264:6:NRF24_openWritingPipe	24	static
../NRF/Src/MY_NRF24.c:272:6:NRF24_openReadingPipe	24	static
../NRF/Src/MY_NRF24.c:294:6:NRF24_setRetries	16	static
../NRF/Src/MY_NRF24.c:300:6:NRF24_setChannel	24	static
../NRF/Src/MY_NRF24.c:305:6:NRF24_setPayloadSize	24	static
../NRF/Src/MY_NRF24.c:310:9:NRF24_getPayloadSize	4	static
../NRF/Src/MY_NRF24.c:314:9:NRF24_getDynamicPayloadSize	8	static
../NRF/Src/MY_NRF24.c:318:6:NRF24_enableAckPayload	8	static
../NRF/Src/MY_NRF24.c:332:6:NRF24_enableDynamicPayloads	8	static
../NRF/Src/MY_NRF24.c:348:6:NRF24_disableDynamicPayloads	8	static
../NRF/Src/MY_NRF24.c:356:6:NRF24_isNRF_Plus	4	static
../NRF/Src/MY_NRF24.c:360:6:NRF24_setAutoAck	16	static
../NRF/Src/MY_NRF24.c:367:6:NRF24_setAutoAckPipe	24	static
../NRF/Src/MY_NRF24.c:379:6:NRF24_setPALevel	24	static
../NRF/Src/MY_NRF24.c:401:15:NRF24_getPALevel	16	static
../NRF/Src/MY_NRF24.c:459:6:NRF24_setDataRate	24	static
../NRF/Src/MY_NRF24.c:496:17:NRF24_getDataRate	16	static
../NRF/Src/MY_NRF24.c:516:6:NRF24_setCRCLength	24	static
../NRF/Src/MY_NRF24.c:532:18:NRF24_getCRCLength	16	static
../NRF/Src/MY_NRF24.c:546:6:NRF24_disableCRC	16	static
../NRF/Src/MY_NRF24.c:551:6:NRF24_powerUp	8	static
../NRF/Src/MY_NRF24.c:556:6:NRF24_powerDown	8	static
../NRF/Src/MY_NRF24.c:561:6:NRF24_availablePipe	24	static
../NRF/Src/MY_NRF24.c:581:6:NRF24_startWrite	16	static
../NRF/Src/MY_NRF24.c:597:6:NRF24_writeAckPayload	24	static
../NRF/Src/MY_NRF24.c:606:6:NRF24_isAckPayloadAvailable	16	static
../NRF/Src/MY_NRF24.c:612:6:NRF24_whatHappened	32	static
../NRF/Src/MY_NRF24.c:623:6:NRF24_testCarrier	8	static
../NRF/Src/MY_NRF24.c:627:6:NRF24_testRPD	8	static
../NRF/Src/MY_NRF24.c:632:6:NRF24_resetStatus	8	static
../NRF/Src/MY_NRF24.c:638:6:NRF24_ACTIVATE_cmd	16	static
../NRF/Src/MY_NRF24.c:648:9:NRF24_GetAckPayloadSize	4	static
../NRF/Src/MY_NRF24.c:652:6:printRadioSettings	40	static
../NRF/Src/MY_NRF24.c:782:6:printStatusReg	32	static
../NRF/Src/MY_NRF24.c:795:6:printConfigReg	16	static
../NRF/Src/MY_NRF24.c:805:6:printFIFOstatus	24	static
../NRF/Src/MY_NRF24.c:817:6:NRF24_SoftwareReset	16	static
